stage=confirmatory config_hash=1b1307a48a5a results_dir=results/experiment_01/confirmatory/1b1307a48a
job matrix: {'fit': 160, 'null_rep': 4720, 'lboot_rep': 50}  optimizer starts: {'fit': 2400, 'null_rep': 47200, 'lboot_rep': 100} (total 49700)
estimated cost: 108.48 CPU-h, ~1627 min wall on 4 workers
[phase1] 160 jobs to run (0 already valid/recorded)
  fit__S1__N300__r0 ok 95s  [1 run, 0 error, 1.6 min]
  fit__S1__N300__r1 ok 100s  [2 run, 0 error, 1.7 min]
  fit__S1__N300__r2 ok 109s  [3 run, 0 error, 1.8 min]
  fit__S1__N300__r3 ok 109s  [4 run, 0 error, 1.8 min]
  fit__S1__N300__r5 ok 99s  [5 run, 0 error, 3.3 min]
  fit__S1__N300__r4 ok 107s  [6 run, 0 error, 3.4 min]
  fit__S1__N300__r6 ok 104s  [7 run, 0 error, 3.6 min]
  fit__S1__N300__r7 ok 116s  [8 run, 0 error, 3.8 min]
  fit__S1__N300__r8 ok 96s  [9 run, 0 error, 4.9 min]
  fit__S1__N300__r9 ok 102s  [10 run, 0 error, 5.1 min]
  fit__S1__N300__r10 ok 93s  [11 run, 0 error, 5.1 min]
  fit__S1__N300__r11 ok 104s  [12 run, 0 error, 5.5 min]
  fit__S1__N300__r12 ok 91s  [13 run, 0 error, 6.4 min]
  fit__S1__N300__r14 ok 105s  [14 run, 0 error, 6.9 min]
  fit__S1__N300__r13 ok 110s  [15 run, 0 error, 6.9 min]
  fit__S1__N300__r15 ok 108s  [16 run, 0 error, 7.3 min]
  fit__S1__N300__r16 ok 90s  [17 run, 0 error, 7.9 min]
  fit__S1__N300__r17 ok 97s  [18 run, 0 error, 8.5 min]
  fit__S1__N300__r18 ok 108s  [19 run, 0 error, 8.7 min]
  fit__S1__N300__r19 ok 101s  [20 run, 0 error, 9.0 min]
  fit__S1__N1000__r0 ok 96s  [21 run, 0 error, 9.5 min]
  fit__S1__N1000__r1 ok 97s  [22 run, 0 error, 10.1 min]
  fit__S1__N1000__r2 ok 100s  [23 run, 0 error, 10.4 min]
  fit__S1__N1000__r3 ok 96s  [24 run, 0 error, 10.6 min]
  fit__S1__N1000__r4 ok 113s  [25 run, 0 error, 11.4 min]
  fit__S1__N1000__r5 ok 110s  [26 run, 0 error, 11.9 min]
  fit__S1__N1000__r6 ok 98s  [27 run, 0 error, 12.0 min]
  fit__S1__N1000__r7 ok 99s  [28 run, 0 error, 12.2 min]
  fit__S1__N1000__r8 ok 108s  [29 run, 0 error, 13.2 min]
  fit__S1__N1000__r9 ok 99s  [30 run, 0 error, 13.6 min]
  fit__S1__N1000__r10 ok 105s  [31 run, 0 error, 13.8 min]
  fit__S1__N1000__r11 ok 104s  [32 run, 0 error, 14.0 min]
  fit__S1__N1000__r12 ok 97s  [33 run, 0 error, 14.8 min]
  fit__S1__N1000__r13 ok 106s  [34 run, 0 error, 15.4 min]
  fit__S1__N1000__r14 ok 104s  [35 run, 0 error, 15.5 min]
  fit__S1__N1000__r15 ok 103s  [36 run, 0 error, 15.7 min]
  fit__S1__N1000__r16 ok 97s  [37 run, 0 error, 16.5 min]
  fit__S1__N1000__r17 ok 100s  [38 run, 0 error, 17.0 min]
  fit__S1__N1000__r18 ok 107s  [39 run, 0 error, 17.3 min]
  fit__S1__N1000__r19 ok 105s  [40 run, 0 error, 17.4 min]
  fit__S2__N300__r0 ok 110s  [41 run, 0 error, 18.3 min]
  fit__S2__N300__r1 ok 102s  [42 run, 0 error, 18.7 min]
  fit__S2__N300__r3 ok 103s  [43 run, 0 error, 19.2 min]
  fit__S2__N300__r2 ok 118s  [44 run, 0 error, 19.3 min]
  fit__S2__N300__r4 ok 74s  [45 run, 0 error, 19.5 min]
  fit__S2__N300__r5 ok 73s  [46 run, 0 error, 19.9 min]
  fit__S2__N300__r6 ok 74s  [47 run, 0 error, 20.4 min]
  fit__S2__N300__r7 ok 84s  [48 run, 0 error, 20.7 min]
  fit__S2__N300__r8 ok 77s  [49 run, 0 error, 20.8 min]
  fit__S2__N300__r10 ok 76s  [50 run, 0 error, 21.6 min]
  fit__S2__N300__r9 ok 114s  [51 run, 0 error, 21.8 min]
  fit__S2__N300__r12 ok 79s  [52 run, 0 error, 22.1 min]
  fit__S2__N300__r11 ok 104s  [53 run, 0 error, 22.4 min]
  fit__S2__N300__r13 ok 80s  [54 run, 0 error, 23.0 min]
  fit__S2__N300__r15 ok 81s  [55 run, 0 error, 23.5 min]
  fit__S2__N300__r14 ok 119s  [56 run, 0 error, 23.8 min]
  fit__S2__N300__r16 ok 109s  [57 run, 0 error, 24.2 min]
  fit__S2__N300__r17 ok 75s  [58 run, 0 error, 24.2 min]
  fit__S2__N300__r18 ok 75s  [59 run, 0 error, 24.7 min]
  fit__S2__N300__r19 ok 93s  [60 run, 0 error, 25.4 min]
  fit__S2__N1000__r0 ok 79s  [61 run, 0 error, 25.5 min]
  fit__S2__N1000__r2 ok 82s  [62 run, 0 error, 26.1 min]
  fit__S2__N1000__r1 ok 118s  [63 run, 0 error, 26.2 min]
  fit__S2__N1000__r3 ok 81s  [64 run, 0 error, 26.7 min]
  fit__S2__N1000__r4 ok 109s  [65 run, 0 error, 27.3 min]
  fit__S2__N1000__r6 ok 70s  [66 run, 0 error, 27.4 min]
  fit__S2__N1000__r5 ok 84s  [67 run, 0 error, 27.5 min]
  fit__S2__N1000__r7 ok 79s  [68 run, 0 error, 28.0 min]
  fit__S2__N1000__r9 ok 76s  [69 run, 0 error, 28.6 min]
  fit__S2__N1000__r8 ok 82s  [70 run, 0 error, 28.7 min]
  fit__S2__N1000__r10 ok 78s  [71 run, 0 error, 28.8 min]
  fit__S2__N1000__r11 ok 81s  [72 run, 0 error, 29.4 min]
  fit__S2__N1000__r12 ok 84s  [73 run, 0 error, 30.0 min]
  fit__S2__N1000__r13 ok 82s  [74 run, 0 error, 30.1 min]
